'node_modules\.bin\vitest.cmd' is not recognized as an internal or external command,
operable program or batch file.
